\BOOKMARK [0][]{chapter.1}{\376\377\0001\000\040\121\231\127\050\122\115\227\142}{}% 1
\BOOKMARK [1][]{section.1.1}{\376\377\0001\000.\0001\000\040\147\054\116\146\121\205\133\271}{chapter.1}% 2
\BOOKMARK [1][]{section.1.2}{\376\377\0001\000.\0002\000\040\213\260\137\125\131\121\147\072}{chapter.1}% 3
\BOOKMARK [1][]{section.1.3}{\376\377\0001\000.\0003\000\040\226\005\213\373\136\372\213\256}{chapter.1}% 4
\BOOKMARK [0][]{chapter.2}{\376\377\0002\000\040\145\160\143\156\116\016\176\337\213\241\221\317}{}% 5
\BOOKMARK [1][]{section.2.1}{\376\377\0002\000.\0001\000\040\145\160\143\156\116\000\133\232\146\057\145\160\133\127\124\027\000?}{chapter.2}% 6
\BOOKMARK [1][]{section.2.2}{\376\377\0002\000.\0002\000\040\176\337\213\241\221\317\146\057\116\300\116\110\000?}{chapter.2}% 7
\BOOKMARK [1][]{section.2.3}{\376\377\0002\000.\0003\000\040\176\337\213\241\000\040\000=\000\040\145\160\143\156\000\040\000+\000\040\176\337\213\241\221\317\000\040\000+\000\040\176\337\213\241\143\250\145\255}{chapter.2}% 8
\BOOKMARK [0][]{chapter.3}{\376\377\0003\000\040\133\214\145\164\166\204\176\337\213\241\217\307\172\013}{}% 9
\BOOKMARK [1][]{section.3.1}{\376\377\0003\000.\0001\000\040\143\320\121\372\225\356\230\230}{chapter.3}% 10
\BOOKMARK [1][]{section.3.2}{\376\377\0003\000.\0002\000\040\176\337\213\241\213\276\213\241}{chapter.3}% 11
\BOOKMARK [1][]{section.3.3}{\376\377\0003\000.\0003\000\040\150\067\147\054\145\160\143\156\221\307\226\306\377\015\377\015\142\275\150\067\145\271\137\017\116\016\147\000\117\163\176\304\145\160}{chapter.3}% 12
\BOOKMARK [1][]{section.3.4}{\376\377\0003\000.\0004\000\040\145\160\143\156\166\204\145\164\164\006\116\016\143\317\217\360}{chapter.3}% 13
\BOOKMARK [1][]{section.3.5}{\376\377\0003\000.\0005\000\040\213\241\173\227\116\016\122\006\147\220\145\160\143\156}{chapter.3}% 14
\BOOKMARK [1][]{section.3.6}{\376\377\0003\000.\0006\000\040\133\214\145\164\166\204\176\337\213\241\153\145\232\244}{chapter.3}% 15
\BOOKMARK [0][]{chapter.4}{\376\377\0004\000\040\145\160\143\156\166\204\123\357\211\306\123\026\116\016\143\317\217\360}{}% 16
\BOOKMARK [1][]{section.4.1}{\376\377\0004\000.\0001\000\040\117\177\165\050\126\376\134\125\171\072\145\160\143\156}{chapter.4}% 17
\BOOKMARK [2][]{subsection.4.1.1}{\376\377\0004\000.\0001\000.\0001\000\040\116\214\176\364\126\376}{section.4.1}% 18
\BOOKMARK [3][]{subsubsection.4.1.1.1}{\376\377\0004\000.\0001\000.\0001\000.\0001\000\040\166\364\145\271\126\376}{subsection.4.1.1}% 19
\BOOKMARK [3][]{subsubsection.4.1.1.2}{\376\377\0004\000.\0001\000.\0001\000.\0002\000\040\142\230\176\277\126\376}{subsection.4.1.1}% 20
\BOOKMARK [3][]{subsubsection.4.1.1.3}{\376\377\0004\000.\0001\000.\0001\000.\0003\000\040\173\261\127\213\126\376}{subsection.4.1.1}% 21
\BOOKMARK [3][]{subsubsection.4.1.1.4}{\376\377\0004\000.\0001\000.\0001\000.\0004\000\040\145\143\160\271\126\376}{subsection.4.1.1}% 22
\BOOKMARK [2][]{subsection.4.1.2}{\376\377\0004\000.\0001\000.\0002\000\040\116\011\176\364\126\376}{section.4.1}% 23
\BOOKMARK [2][]{subsection.4.1.3}{\376\377\0004\000.\0001\000.\0003\000\040\232\330\176\364\136\246\166\204\226\115\176\364\146\076\171\072}{section.4.1}% 24
\BOOKMARK [1][]{section.4.2}{\376\377\0004\000.\0002\000\040\117\177\165\050\176\337\213\241\221\317\143\317\217\360\145\160\143\156}{chapter.4}% 25
\BOOKMARK [2][]{subsection.4.2.1}{\376\377\0004\000.\0002\000.\0001\000\040\136\070\165\050\176\337\213\241\221\317}{section.4.2}% 26
\BOOKMARK [2][]{subsection.4.2.2}{\376\377\0004\000.\0002\000.\0002\000\040\124\004\116\052\122\006\136\003\166\204\176\337\213\241\221\317}{section.4.2}% 27
\BOOKMARK [0][]{chapter.5}{\376\377\0005\000\040\151\202\163\207\116\016\122\006\136\003}{}% 28
\BOOKMARK [1][]{section.5.1}{\376\377\0005\000.\0001\000\040\151\202\163\207\116\072\0000\134\061\146\057\116\015\123\357\200\375\116\213\116\366\124\027\000?}{chapter.5}% 29
\BOOKMARK [1][]{section.5.2}{\376\377\0005\000.\0002\000\040\116\300\116\110\146\057\122\006\136\003\000?}{chapter.5}% 30
\BOOKMARK [1][]{section.5.3}{\376\377\0005\000.\0003\000\040\150\007\121\306\153\143\140\001\122\006\136\003}{chapter.5}% 31
\BOOKMARK [1][]{section.5.4}{\376\377\0005\000.\0004\000\040\171\273\145\143\127\213\226\217\147\072\123\330\221\317\123\312\121\166\122\006\136\003}{chapter.5}% 32
\BOOKMARK [2][]{subsection.5.4.1}{\376\377\0005\000.\0004\000.\0001\000\040\0000\000-\0001\122\006\136\003}{section.5.4}% 33
\BOOKMARK [2][]{subsection.5.4.2}{\376\377\0005\000.\0004\000.\0002\000\040\116\214\230\171\122\006\136\003}{section.5.4}% 34
\BOOKMARK [2][]{subsection.5.4.3}{\376\377\0005\000.\0004\000.\0003\000\040\154\312\147\176\122\006\136\003}{section.5.4}% 35
\BOOKMARK [1][]{section.5.5}{\376\377\0005\000.\0005\000\040\201\352\165\061\136\246}{chapter.5}% 36
\BOOKMARK [0][]{chapter.6}{\376\377\0006\000\040\120\107\213\276\150\300\232\214\377\032\116\316\176\337\213\241\221\317\122\060\176\323\213\272}{}% 37
\BOOKMARK [1][]{section.6.1}{\376\377\0006\000.\0001\000\040\120\107\213\276\150\300\232\214\116\016\000p\120\074\211\343\213\373}{chapter.6}% 38
\BOOKMARK [1][]{section.6.2}{\376\377\0006\000.\0002\000\040\177\156\117\341\123\072\225\364}{chapter.6}% 39
\BOOKMARK [1][]{section.6.3}{\376\377\0006\000.\0003\000\040\000t\150\300\232\214\377\032\121\163\154\350\040\034\136\163\127\107\120\074\040\035\166\204\135\356\137\002}{chapter.6}% 40
\BOOKMARK [1][]{section.6.4}{\376\377\0006\000.\0004\000\040\0002\000\050\123\141\145\271\000\051\150\300\232\214\377\032\121\163\154\350\040\034\145\160\221\317\000/\230\221\163\207\040\035\166\204\122\006\136\003}{chapter.6}% 41
\BOOKMARK [1][]{section.6.5}{\376\377\0006\000.\0005\000\040\227\136\142\200\147\057\165\050\213\355\166\204\120\107\213\276\150\300\232\214\140\073\176\323\152\041\147\177}{chapter.6}% 42
\BOOKMARK [0][]{chapter.7}{\376\377\0007\000\040\145\271\135\356\122\006\147\220}{}% 43
\BOOKMARK [1][]{section.7.1}{\376\377\0007\000.\0001\000\040\122\115\177\156\167\345\213\306\040\023\145\271\135\356\122\006\147\220\127\050\040\034\122\006\147\220\040\035\116\300\116\110}{chapter.7}% 44
\BOOKMARK [1][]{section.7.2}{\376\377\0007\000.\0002\000\040\123\125\126\340\175\040\145\271\135\356\122\006\147\220}{chapter.7}% 45
\BOOKMARK [1][]{section.7.3}{\376\377\0007\000.\0003\000\040\123\314\126\340\175\040\145\271\135\356\122\006\147\220}{chapter.7}% 46
\BOOKMARK [1][]{section.7.4}{\376\377\0007\000.\0004\000\040\131\032\126\340\175\040\145\271\135\356\122\006\147\220}{chapter.7}% 47
\BOOKMARK [0][]{chapter.8}{\376\377\0008\000\040\176\277\140\047\126\336\137\122}{}% 48
\BOOKMARK [1][]{section.8.1}{\376\377\0008\000.\0001\000\040\166\370\121\163\116\015\205\164\124\053\126\340\147\234}{chapter.8}% 49
\BOOKMARK [1][]{section.8.2}{\376\377\0008\000.\0002\000\040\176\277\140\047\166\370\121\163\116\016\121\263\133\232\174\373\145\160\000R\0002}{chapter.8}% 50
\BOOKMARK [1][]{section.8.3}{\376\377\0008\000.\0003\000\040\123\125\123\330\221\317\176\277\140\047\126\336\137\122}{chapter.8}% 51
\BOOKMARK [1][]{section.8.4}{\376\377\0008\000.\0004\000\040\123\314\123\330\221\317\176\277\140\047\126\336\137\122}{chapter.8}% 52
\BOOKMARK [1][]{section.8.5}{\376\377\0008\000.\0005\000\040\131\032\123\330\221\317\176\277\140\047\126\336\137\122}{chapter.8}% 53
\BOOKMARK [0][]{chapter.A}{\376\377\000A\000\040\124\004\122\006\136\003\166\204\151\202\163\207\116\064\165\114\120\074\210\150}{}% 54
\BOOKMARK [1][]{section.A.1}{\376\377\000A\000.\0001\000\040\000t\122\006\136\003}{chapter.A}% 55
\BOOKMARK [1][]{section.A.2}{\376\377\000A\000.\0002\000\040\0002\122\006\136\003}{chapter.A}% 56
\BOOKMARK [1][]{section.A.3}{\376\377\000A\000.\0003\000\040\000F\122\006\136\003}{chapter.A}% 57
